---
source: navra-tui/src/widgets/dashboard.rs
assertion_line: 237
expression: out
---
┌ Server ──────────────────────────────────────────────────────────────────────┐
│Name:    --                                                                   │
│Version: --                                                                   │
│Status:  unknown                                                              │
└──────────────────────────────────────────────────────────────────────────────┘
┌ Agents ──────────┐┌ Sessions ────────┐┌ Models ──────────┐┌ Flows ───────────┐
│                  ││                  ││                  ││                  │
│  0               ││  0               ││  0               ││  0               │
│                  ││                  ││                  ││                  │
└──────────────────┘└──────────────────┘└──────────────────┘└──────────────────┘
┌ Recent Audit ────────────────────────────────────────────────────────────────┐
│  No audit entries yet                                                        │
│                                                                              │
│                                                                              │
│                                                                              │
│                                                                              │
│                                                                              │
│                                                                              │
│                                                                              │
└──────────────────────────────────────────────────────────────────────────────┘
